---
source: src/interpreter/mod.rs
expression: result
---
{
  "header": {
    "link": {
      "parent": "Hello, world!"
    },
    "txt": "Hello, world!"
  }
}
