---
source: src/interpreter/mod.rs
expression: result
---
{
  "link": [
    {
      "href": "https://github.com/suaviloquence/scrapelect"
    },
    {
      "href": null
    }
  ]
}
