---
source: src/interpreter/mod.rs
expression: result
---
{
  "href": "./relative2.html",
  "relative": "You found me!"
}
